                                      1 ;--------------------------------------------------------
                                      2 ; File Created by SDCC : free open source ISO C Compiler
                                      3 ; Version 4.5.1 #15267 (MINGW64)
                                      4 ;--------------------------------------------------------
                                      5 	.module assets
                                      6 	
                                      7 ;--------------------------------------------------------
                                      8 ; Public variables in this module
                                      9 ;--------------------------------------------------------
                                     10 	.globl _MAX_LEVELS
                                     11 	.globl _game_levels
                                     12 	.globl _level_pg
                                     13 	.globl _level_bot
                                     14 	.globl _level_sm
                                     15 ;--------------------------------------------------------
                                     16 ; special function registers
                                     17 ;--------------------------------------------------------
                                     18 	.area _HRAM
                                     19 ;--------------------------------------------------------
                                     20 ; ram data
                                     21 ;--------------------------------------------------------
                                     22 	.area _DATA
                                     23 ;--------------------------------------------------------
                                     24 ; ram data
                                     25 ;--------------------------------------------------------
                                     26 	.area _INITIALIZED
                                     27 ;--------------------------------------------------------
                                     28 ; absolute external ram data
                                     29 ;--------------------------------------------------------
                                     30 	.area _DABS (ABS)
                                     31 ;--------------------------------------------------------
                                     32 ; global & static initialisations
                                     33 ;--------------------------------------------------------
                                     34 	.area _HOME
                                     35 	.area _GSINIT
                                     36 	.area _GSFINAL
                                     37 	.area _GSINIT
                                     38 ;--------------------------------------------------------
                                     39 ; Home
                                     40 ;--------------------------------------------------------
                                     41 	.area _HOME
                                     42 	.area _HOME
                                     43 ;--------------------------------------------------------
                                     44 ; code
                                     45 ;--------------------------------------------------------
                                     46 	.area _CODE
                                     47 	.area _CODE
    00000000                         48 _level_sm:
    00000000r34r00                   49 	.dw __str_0
    00000002r00r00                   50 	.dw _famidash_chr_tiles
    00000004r00r00                   51 	.dw _stereomadness_map
    00000006 00 01                   52 	.dw #0x0100
    00000008 7E 03                   53 	.dw #0x037e
    0000000A 10 00                   54 	.dw #0x0010
    0000000C 00                      55 	.db #0x00	; 0
    0000000D 00                      56 	.db #0x00	; 0
    0000000Er00                      57 	.byte ___bank_stereomadness_map
    0000000F                         58 _level_bot:
    0000000Fr3Fr00                   59 	.dw __str_1
    00000011r00r00                   60 	.dw _famidash_chr_tiles
    00000013r00r00                   61 	.dw _backontrack_map
    00000015 00 01                   62 	.dw #0x0100
    00000017 4E 03                   63 	.dw #0x034e
    00000019 10 00                   64 	.dw #0x0010
    0000001B 00                      65 	.db #0x00	; 0
    0000001C 00                      66 	.db #0x00	; 0
    0000001Dr00                      67 	.byte ___bank_backontrack_map
    0000001E                         68 _level_pg:
    0000001Er4Dr00                   69 	.dw __str_2
    00000020r00r00                   70 	.dw _famidash_chr_tiles
    00000022r00r00                   71 	.dw _polargeist_map
    00000024 00 01                   72 	.dw #0x0100
    00000026 A6 03                   73 	.dw #0x03a6
    00000028 10 00                   74 	.dw #0x0010
    0000002A 00                      75 	.db #0x00	; 0
    0000002B 00                      76 	.db #0x00	; 0
    0000002Cr00                      77 	.byte ___bank_polargeist_map
    0000002D                         78 _game_levels:
    0000002Dr00r00                   79 	.dw _level_sm
    0000002Fr0Fr00                   80 	.dw _level_bot
    00000031r1Er00                   81 	.dw _level_pg
    00000033                         82 _MAX_LEVELS:
    00000033 03                      83 	.db #0x03	; 3
    00000034                         84 __str_0:
    00000034 53 54 45 52 45 4F 20    85 	.ascii "STEREO MAD"
             4D 41 44
    0000003E 00                      86 	.db 0x00
    0000003F                         87 __str_1:
    0000003F 42 41 43 4B 20 4F 4E    88 	.ascii "BACK ON TRACK"
             20 54 52 41 43 4B
    0000004C 00                      89 	.db 0x00
    0000004D                         90 __str_2:
    0000004D 50 4F 4C 41 52 47 45    91 	.ascii "POLARGEIST"
             49 53 54
    00000057 00                      92 	.db 0x00
                                     93 	.area _INITIALIZER
                                     94 	.area _CABS (ABS)
