                                      1 ;--------------------------------------------------------
                                      2 ; File Created by SDCC : free open source ISO C Compiler
                                      3 ; Version 4.5.1 #15267 (MINGW64)
                                      4 ;--------------------------------------------------------
                                      5 	.module level3
                                      6 	
                                      7 ;--------------------------------------------------------
                                      8 ; Public variables in this module
                                      9 ;--------------------------------------------------------
                                     10 	.globl b___func_polargeist_map
                                     11 	.globl ___func_polargeist_map
                                     12 ;--------------------------------------------------------
                                     13 ; special function registers
                                     14 ;--------------------------------------------------------
                                     15 	.area _HRAM
                                     16 ;--------------------------------------------------------
                                     17 ; ram data
                                     18 ;--------------------------------------------------------
                                     19 	.area _DATA
                                     20 ;--------------------------------------------------------
                                     21 ; ram data
                                     22 ;--------------------------------------------------------
                                     23 	.area _INITIALIZED
                                     24 ;--------------------------------------------------------
                                     25 ; absolute external ram data
                                     26 ;--------------------------------------------------------
                                     27 	.area _DABS (ABS)
                                     28 ;--------------------------------------------------------
                                     29 ; global & static initialisations
                                     30 ;--------------------------------------------------------
                                     31 	.area _HOME
                                     32 	.area _GSINIT
                                     33 	.area _GSFINAL
                                     34 	.area _GSINIT
                                     35 ;--------------------------------------------------------
                                     36 ; Home
                                     37 ;--------------------------------------------------------
                                     38 	.area _HOME
                                     39 	.area _HOME
                                     40 ;--------------------------------------------------------
                                     41 ; code
                                     42 ;--------------------------------------------------------
                                     43 	.area _CODE_4
                                     44 ;src/level3.c:3: INCBIN(polargeist_map, "levels/level_data/polargeist_16high.bin")
                                     45 ;	---------------------------------
                                     46 ; Function __func_polargeist_map
                                     47 ; ---------------------------------
                         00000004    48 	b___func_polargeist_map	= 4
    00000000                         49 ___func_polargeist_map::
    00000000                         50 _polargeist_map::
    00000000                         51 1$:
    00000000 00 00 00 00 00 00 00    52 	.incbin "levels/level_data/polargeist_16high.bin" 
             00 00 00 00 00 00 00
             00 00 00 00 00 00 00
             00 00 00 00 00 00 00
             00 00 00 00 00 00 00
             00 00 00 00 00 00 00
             00 00 00 00 00 00 00
             00 00 00 00 00 00 00
             00 00 00 00 00 00 00
             00 00 00 00 00 00 00
             00 00 00 00 00 00 00
             00 00 00 00 00 00 00
             00 00 00 00 00 00 00
             00 00 00 00 00 00 00
             00 00 00 00 00 00 00
             00 00 00 00 00 00 00
             00 00 00 00 00 00 00
             00 00 00 00 00 00 00
             00 00
    00003A60                         53 2$:
                         00003A60    54 	___size_polargeist_map = (2$-1$) 
                                     55 	.globl ___size_polargeist_map 
                                     56 	.local b___func_polargeist_map 
                         00000004    57 	___bank_polargeist_map = b___func_polargeist_map 
                                     58 	.globl ___bank_polargeist_map 
                                     59 	.area _CODE_4
                                     60 	.area _INITIALIZER
                                     61 	.area _CABS (ABS)
