                                      1 ;--------------------------------------------------------
                                      2 ; File Created by SDCC : free open source ISO C Compiler
                                      3 ; Version 4.5.1 #15267 (MINGW64)
                                      4 ;--------------------------------------------------------
                                      5 	.module tileset
                                      6 	
                                      7 ;--------------------------------------------------------
                                      8 ; Public variables in this module
                                      9 ;--------------------------------------------------------
                                     10 	.globl b___func_famidash_chr_tiles
                                     11 	.globl ___func_famidash_chr_tiles
                                     12 ;--------------------------------------------------------
                                     13 ; special function registers
                                     14 ;--------------------------------------------------------
                                     15 	.area _HRAM
                                     16 ;--------------------------------------------------------
                                     17 ; ram data
                                     18 ;--------------------------------------------------------
                                     19 	.area _DATA
                                     20 ;--------------------------------------------------------
                                     21 ; ram data
                                     22 ;--------------------------------------------------------
                                     23 	.area _INITIALIZED
                                     24 ;--------------------------------------------------------
                                     25 ; absolute external ram data
                                     26 ;--------------------------------------------------------
                                     27 	.area _DABS (ABS)
                                     28 ;--------------------------------------------------------
                                     29 ; global & static initialisations
                                     30 ;--------------------------------------------------------
                                     31 	.area _HOME
                                     32 	.area _GSINIT
                                     33 	.area _GSFINAL
                                     34 	.area _GSINIT
                                     35 ;--------------------------------------------------------
                                     36 ; Home
                                     37 ;--------------------------------------------------------
                                     38 	.area _HOME
                                     39 	.area _HOME
                                     40 ;--------------------------------------------------------
                                     41 ; code
                                     42 ;--------------------------------------------------------
                                     43 	.area _CODE_1
                                     44 ;src/tileset.c:6: INCBIN(famidash_chr_tiles, "levels/famidash/famidash_chr_tiles.bin")
                                     45 ;	---------------------------------
                                     46 ; Function __func_famidash_chr_tiles
                                     47 ; ---------------------------------
                         00000001    48 	b___func_famidash_chr_tiles	= 1
    00000000                         49 ___func_famidash_chr_tiles::
    00000000                         50 _famidash_chr_tiles::
    00000000                         51 1$:
    00000000 00 00 00 00 00 00 00    52 	.incbin "levels/famidash/famidash_chr_tiles.bin" 
             00 00 00 00 00 00 00
             00 00 00 00 FF FF 7F
             7F 7F 7F 7F 7F 3F 3F
             1F 1F 0E 0E 00 00 7F
             7F 3F 3F 1F 1F 0F 0F
             07 07 03 03 00 00 00
             00 FF FF FF FF FF FF
             FF FF FF FF 1F 1F 0E
             0E 00 00 FE FE FC FC
             F8 F8 F0 F0 C0 C0 00
             00 00 00 00 7E 2A 7E
             3C 3C 3C 3C 18 18 18
             18 00 00 00 00 FF FF
             FF FF 5B 5B 12 12 10
             10 00 00 00 00 00 00
             FF FF FF FF EE EE E4
             E4 40 40 40 40 00 00
             00 00
    00001000                         53 2$:
                         00001000    54 	___size_famidash_chr_tiles = (2$-1$) 
                                     55 	.globl ___size_famidash_chr_tiles 
                                     56 	.local b___func_famidash_chr_tiles 
                         00000001    57 	___bank_famidash_chr_tiles = b___func_famidash_chr_tiles 
                                     58 	.globl ___bank_famidash_chr_tiles 
                                     59 	.area _CODE_1
                                     60 	.area _INITIALIZER
                                     61 	.area _CABS (ABS)
